// Jest Snapshot v1, https://goo.gl/fbAQLP

exports[`loader can be loaded 1`] = `
Object {
  "client": [Function],
  "components": [Function],
  "constructor": [Function],
  "dependencies": [Function],
  "render": [Function],
  "styles": [Function],
}
`;
