// Jest Snapshot v1, https://goo.gl/fbAQLP

exports[`hash is consistent for filesnames 1`] = `"qnwBADXwrvvXARNr"`;
